BIN
LIB
MMC Snap-Ins
MMC Snap-Ins/Administration Assistant
MMC Snap-Ins/Performance Monitor
MMC Snap-Ins/Primary Snap-In
MMC Snap-Ins/Primary Snap-In/HTML/OAA/US
NETWORK/ADMIN/SAMPLE
OCI/lib/MSVC
OPatch
OPatch/docs
OPatch/jlib
RDBMS/ADMIN
RDBMS/XA
admin/sample/pfile
assistants/bin
assistants/dbca
assistants/dbca/doc/help
assistants/dbca/doc/help/images
assistants/dbca/jlib
assistants/dbca/templates
assistants/dbua
assistants/dbua/doc/help
assistants/dbua/jlib
assistants/jlib
assistants/rconfig/doc
assistants/rconfig/sampleXMLs
bin
clone/bin
clone/config
com
com/java
com/mesg
crs/demo
crs/mesg
css/mesg
ctx/admin
ctx/admin/defaults
ctx/config
ctx/data/delx
ctx/data/enlx
ctx/data/eslx
ctx/data/frlx
ctx/data/itlx
ctx/data/jalx
ctx/data/kolx
ctx/data/nllx
ctx/data/xxlx
ctx/data/zhlx
ctx/mesg
ctx/migrate
database
dbs
demo/schema
demo/schema/bus_intelligence
demo/schema/human_resources
demo/schema/order_entry
demo/schema/order_entry/2002/Apr
demo/schema/order_entry/2002/Aug
demo/schema/order_entry/2002/Dec
demo/schema/order_entry/2002/Feb
demo/schema/order_entry/2002/Jan
demo/schema/order_entry/2002/Jul
demo/schema/order_entry/2002/Jun
demo/schema/order_entry/2002/Mar
demo/schema/order_entry/2002/May
demo/schema/order_entry/2002/Nov
demo/schema/order_entry/2002/Oct
demo/schema/order_entry/2002/Sep
demo/schema/sales_history
diagnostics/config/registration
has/mesg
hs/admin
hs/bin
install
install/jlib
javavm/admin
javavm/doc
javavm/install
javavm/install/sbs
javavm/jahome
javavm/lib
javavm/lib/cmm
javavm/lib/ojvmfonts
javavm/lib/security
javavm/lib/zi
javavm/lib/zi/Africa
javavm/lib/zi/America
javavm/lib/zi/America/Indiana
javavm/lib/zi/America/Kentucky
javavm/lib/zi/America/North_Dakota
javavm/lib/zi/Antarctica
javavm/lib/zi/Asia
javavm/lib/zi/Atlantic
javavm/lib/zi/Australia
javavm/lib/zi/Etc
javavm/lib/zi/Europe
javavm/lib/zi/Indian
javavm/lib/zi/Pacific
jdbc
jdbc/bin
jdbc/lib
jdk/jre/lib/ext
jlib
jre/1.4.2
jre/1.4.2/bin
jre/1.4.2/bin/client
jre/1.4.2/javaws
jre/1.4.2/javaws/resources
jre/1.4.2/lib
jre/1.4.2/lib/audio
jre/1.4.2/lib/cmm
jre/1.4.2/lib/ext
jre/1.4.2/lib/fonts
jre/1.4.2/lib/i386
jre/1.4.2/lib/im
jre/1.4.2/lib/images/cursors
jre/1.4.2/lib/security
jre/1.4.2/lib/zi
jre/1.4.2/lib/zi/Africa
jre/1.4.2/lib/zi/America
jre/1.4.2/lib/zi/America/Indiana
jre/1.4.2/lib/zi/America/Kentucky
jre/1.4.2/lib/zi/America/North_Dakota
jre/1.4.2/lib/zi/Antarctica
jre/1.4.2/lib/zi/Asia
jre/1.4.2/lib/zi/Atlantic
jre/1.4.2/lib/zi/Australia
jre/1.4.2/lib/zi/Etc
jre/1.4.2/lib/zi/Europe
jre/1.4.2/lib/zi/Indian
jre/1.4.2/lib/zi/Pacific
ldap/admin
ldap/install
ldap/mesg
ldap/odi/conf
ldap/oidadmin
ldap/postcfg
ldap/public
ldap/schema
ldap/schema/ad
ldap/schema/oid
lib
md/admin
md/dll
md/doc
md/lib
mesg
mgw/admin
mgw/jlib
mgw/samples/jms
mgw/samples/lcr
mgw/samples/mq
mgw/samples/tibrv
mgw/samples/xml
network/admin
network/doc
network/install
network/install/sbs
network/jlib
network/mesg
network/tools
network/tools/help/ca/help
network/tools/help/mgr/help
network/tools/images
nls/csscan/sql
nls/data
nls/data/old
nls/lbuilder
nls/lbuilder/jlib
nls/mesg
oc4j
oc4j/bin
oc4j/j2ee/OC4J_DBConsole/META-INF
oc4j/j2ee/OC4J_DBConsole/application-deployments/default/defaultWebApp
oc4j/j2ee/OC4J_DBConsole/config
oc4j/j2ee/home
oc4j/j2ee/home/META-INF
oc4j/j2ee/home/applib
oc4j/j2ee/home/applications
oc4j/j2ee/home/config
oc4j/j2ee/home/config/database-schemas
oc4j/j2ee/home/connectors
oc4j/j2ee/home/default-web-app
oc4j/j2ee/home/default-web-app/WEB-INF
oc4j/j2ee/home/default-web-app/WEB-INF/classes
oc4j/j2ee/home/default-web-app/WEB-INF/classes/cal
oc4j/j2ee/home/default-web-app/WEB-INF/classes/checkbox
oc4j/j2ee/home/default-web-app/WEB-INF/classes/colors
oc4j/j2ee/home/default-web-app/WEB-INF/classes/dates
oc4j/j2ee/home/default-web-app/WEB-INF/classes/error
oc4j/j2ee/home/default-web-app/WEB-INF/classes/num
oc4j/j2ee/home/default-web-app/WEB-INF/classes/sessions
oc4j/j2ee/home/default-web-app/WEB-INF/lib
oc4j/j2ee/home/jazn
oc4j/j2ee/home/jazn/config
oc4j/j2ee/home/jazn/install
oc4j/j2ee/home/jazn/smi
oc4j/j2ee/home/jsp/bin
oc4j/j2ee/home/jsp/lib/taglib
oc4j/j2ee/home/lib
oc4j/j2ee/home/sql
oc4j/j2ee/isqlplus/META-INF
oc4j/j2ee/isqlplus/application-deployments/default/defaultWebApp
oc4j/j2ee/isqlplus/application-deployments\isqlplus\config
oc4j/j2ee/isqlplus/config
oc4j/j2ee/isqlplus/connectors
oc4j/j2ee/isqlplus/log
oc4j/j2ee/isqlplus/persistence
oc4j/j2ee/isqlplus/tldcache
oc4j/j2ee/oc4j_applications/applications
oc4j/j2ee\home\database
oc4j/j2ee\home\jazn\data
oc4j/j2ee\home\log
oc4j/j2ee\home\persistence\ejb
oc4j/javacache/lib
oc4j/javacache\admin
oc4j/javavm/lib
oc4j/jdbc/lib
oc4j/jlib
oc4j/lib
oc4j/rdbms/jlib
oc4j/soap/lib
oc4j/soap/webapps
oc4j/sqlj/lib
oc4j/uix\taglib
oc4j/webservices/bin
oc4j/webservices/lib
oci/include
oci/lib/bc
oci/lib/msvc
oci/lib/msvc/vc7
oci/lib/msvc/vc71
odbc/demo/cdemo
odbc/mesg
odp.net/PublisherPolicy
odp.net/doc
odp.net/help
odp.net/samples
odp.net/samples/ArrayBind
odp.net/samples/AssocArray
odp.net/samples/DataSet/DMLOperOnDS/doc
odp.net/samples/DataSet/DMLOperOnDS/doc/images
odp.net/samples/DataSet/DMLOperOnDS/setup
odp.net/samples/DataSet/DMLOperOnDS/src
odp.net/samples/DataSet/DSDRwithLOB/doc
odp.net/samples/DataSet/DSDRwithLOB/doc/images
odp.net/samples/DataSet/DSDRwithLOB/setup
odp.net/samples/DataSet/DSDRwithLOB/src
odp.net/samples/DataSet/DSPopulate/doc
odp.net/samples/DataSet/DSPopulate/doc/images
odp.net/samples/DataSet/DSPopulate/setup
odp.net/samples/DataSet/DSPopulate/src
odp.net/samples/DataSet/DSPopulateVB/doc
odp.net/samples/DataSet/DSPopulateVB/doc/images
odp.net/samples/DataSet/DSPopulateVB/setup
odp.net/samples/DataSet/DSPopulateVB/src
odp.net/samples/DataSet/DSwithRefCur/doc
odp.net/samples/DataSet/DSwithRefCur/doc/images
odp.net/samples/DataSet/DSwithRefCur/setup
odp.net/samples/DataSet/DSwithRefCur/src
odp.net/samples/DataSet/RelationalData/doc
odp.net/samples/DataSet/RelationalData/doc/images
odp.net/samples/DataSet/RelationalData/setup
odp.net/samples/DataSet/RelationalData/src
odp.net/samples/DataSet/RelationalDataVB/doc
odp.net/samples/DataSet/RelationalDataVB/doc/images
odp.net/samples/DataSet/RelationalDataVB/setup
odp.net/samples/DataSet/RelationalDataVB/src
odp.net/samples/DataSet/SafeTypeMapping/doc
odp.net/samples/DataSet/SafeTypeMapping/doc/images
odp.net/samples/DataSet/SafeTypeMapping/setup
odp.net/samples/DataSet/SafeTypeMapping/src
odp.net/samples/EventHandler/RowUpdateEventHandler/doc
odp.net/samples/EventHandler/RowUpdateEventHandler/doc/images
odp.net/samples/EventHandler/RowUpdateEventHandler/src
odp.net/samples/Globalization/doc
odp.net/samples/Globalization/doc/images
odp.net/samples/Globalization/setup
odp.net/samples/Globalization/src
odp.net/samples/LOB
odp.net/samples/LOB/AccessBFile/doc
odp.net/samples/LOB/AccessBFile/doc/images
odp.net/samples/LOB/AccessBFile/src
odp.net/samples/LOB/UpdLob/doc
odp.net/samples/LOB/UpdLob/doc/images
odp.net/samples/LOB/UpdLob/setup
odp.net/samples/LOB/UpdLob/src
odp.net/samples/RefCursor
odp.net/samples/RefCursor/UpdRefCursor/doc
odp.net/samples/RefCursor/UpdRefCursor/doc/images
odp.net/samples/RefCursor/UpdRefCursor/src
odp.net/samples/StatementCache
odp.net/samples/TAF/doc
odp.net/samples/TAF/doc/images
odp.net/samples/TAF/setup
odp.net/samples/TAF/src
odp.net/samples/Transaction/DistributedTransaction/doc
odp.net/samples/Transaction/DistributedTransaction/doc/images
odp.net/samples/Transaction/DistributedTransaction/setup
odp.net/samples/Transaction/DistributedTransaction/src
odp.net/samples/Transaction/Savepoint/doc
odp.net/samples/Transaction/Savepoint/doc/images
odp.net/samples/Transaction/Savepoint/setup
odp.net/samples/Transaction/Savepoint/src
odp.net/samples/WebService/OdpNetWs/doc
odp.net/samples/WebService/OdpNetWs/doc/images
odp.net/samples/WebService/OdpNetWs/src/client
odp.net/samples/WebService/OdpNetWs/src/webservice
odp.net/samples/XML
odp.net/samples/XML/XMLView/doc
odp.net/samples/XML/XMLView/doc/images
odp.net/samples/XML/XMLView/setup
odp.net/samples/XML/XMLView/src
odp.net/samples/XML/XMLViewVB/doc
odp.net/samples/XML/XMLViewVB/doc/images
odp.net/samples/XML/XMLViewVB/setup
odp.net/samples/XML/XMLViewVB/src
olap/admin
olap/api/doc
olap/api/lib
olap/mesg
oledb
oledb/include
oledb/lib
oledb/mesg
oledb/samples/DataSet/DMLOperOnDS/doc
oledb/samples/DataSet/DMLOperOnDS/doc/images
oledb/samples/DataSet/DMLOperOnDS/setup
oledb/samples/DataSet/DMLOperOnDS/src
oledb/samples/DataSet/DSPopulate/doc
oledb/samples/DataSet/DSPopulate/doc/images
oledb/samples/DataSet/DSPopulate/setup
oledb/samples/DataSet/DSPopulate/src
oledb/samples/DataSet/DSPopulateVB/doc
oledb/samples/DataSet/DSPopulateVB/doc/images
oledb/samples/DataSet/DSPopulateVB/setup
oledb/samples/DataSet/DSPopulateVB/src
oledb/samples/DataSet/DSwithLOB/doc
oledb/samples/DataSet/DSwithLOB/doc/images
oledb/samples/DataSet/DSwithLOB/setup
oledb/samples/DataSet/DSwithLOB/src
oledb/samples/DataSet/DSwithRefCur/doc
oledb/samples/DataSet/DSwithRefCur/doc/images
oledb/samples/DataSet/DSwithRefCur/setup
oledb/samples/DataSet/DSwithRefCur/src
oledb/samples/RefCur
oraconfig
oracore/mesg
oracore/zoneinfo
ord/Annotator
ord/Annotator/lib
ord/Annotator/lib/conf
ord/Annotator/lib/descriptors/annotations
ord/Annotator/lib/descriptors/parsers
ord/admin
ord/im/admin
ord/im/javadoc
ord/jlib
ord/mesg
ord/xml/xsd
oui
oui/bin
oui/bin/resource
oui/guide
oui/instImages
oui/jlib
oui/lib/win32
owm/install
owm/jlib
owm/jlib/help/owm
perl/5.8.3/bin
perl/5.8.3/bin/MSWin32-x86-multi-thread
perl/5.8.3/html/ext/B
perl/5.8.3/html/ext/B/B
perl/5.8.3/html/ext/ByteLoader
perl/5.8.3/html/ext/DB_File
perl/5.8.3/html/ext/Data/Dumper
perl/5.8.3/html/ext/Devel/DProf
perl/5.8.3/html/ext/Devel/PPPort
perl/5.8.3/html/ext/Devel/Peek
perl/5.8.3/html/ext/Digest/MD5
perl/5.8.3/html/ext/DynaLoader
perl/5.8.3/html/ext/Encode
perl/5.8.3/html/ext/Encode/Byte
perl/5.8.3/html/ext/Encode/CN
perl/5.8.3/html/ext/Encode/EBCDIC
perl/5.8.3/html/ext/Encode/JP
perl/5.8.3/html/ext/Encode/KR
perl/5.8.3/html/ext/Encode/Symbol
perl/5.8.3/html/ext/Encode/TW
perl/5.8.3/html/ext/Encode/Unicode
perl/5.8.3/html/ext/Encode/lib/Encode
perl/5.8.3/html/ext/Encode/lib/Encode/CN
perl/5.8.3/html/ext/Encode/lib/Encode/JP
perl/5.8.3/html/ext/Encode/lib/Encode/KR
perl/5.8.3/html/ext/Encode/lib/Encode/MIME
perl/5.8.3/html/ext/Encode/lib/Encode/Unicode
perl/5.8.3/html/ext/Encode/t
perl/5.8.3/html/ext/Errno
perl/5.8.3/html/ext/Fcntl
perl/5.8.3/html/ext/File/Glob
perl/5.8.3/html/ext/Filter/Util/Call
perl/5.8.3/html/ext/GDBM_File
perl/5.8.3/html/ext/I18N/Langinfo
perl/5.8.3/html/ext/IO
perl/5.8.3/html/ext/IO/lib/IO
perl/5.8.3/html/ext/IO/lib/IO/Socket
perl/5.8.3/html/ext/IPC/SysV
perl/5.8.3/html/ext/List/Util/lib/List
perl/5.8.3/html/ext/List/Util/lib/Scalar
perl/5.8.3/html/ext/MIME/Base64
perl/5.8.3/html/ext/NDBM_File
perl/5.8.3/html/ext/ODBM_File
perl/5.8.3/html/ext/Opcode
perl/5.8.3/html/ext/POSIX
perl/5.8.3/html/ext/PerlIO/encoding
perl/5.8.3/html/ext/PerlIO/scalar
perl/5.8.3/html/ext/PerlIO/via
perl/5.8.3/html/ext/SDBM_File
perl/5.8.3/html/ext/Socket
perl/5.8.3/html/ext/Storable
perl/5.8.3/html/ext/Sys/Hostname
perl/5.8.3/html/ext/Sys/Syslog
perl/5.8.3/html/ext/Thread/Thread
perl/5.8.3/html/ext/Time/HiRes
perl/5.8.3/html/ext/Unicode/Normalize
perl/5.8.3/html/ext/XS/APItest
perl/5.8.3/html/ext/XS/Typemap
perl/5.8.3/html/ext/attrs
perl/5.8.3/html/ext/re
perl/5.8.3/html/ext/threads
perl/5.8.3/html/ext/threads/shared
perl/5.8.3/html/lib
perl/5.8.3/html/lib/Attribute
perl/5.8.3/html/lib/Attribute/Handlers/demo
perl/5.8.3/html/lib/B
perl/5.8.3/html/lib/CGI
perl/5.8.3/html/lib/CPAN
perl/5.8.3/html/lib/Carp
perl/5.8.3/html/lib/Class
perl/5.8.3/html/lib/Data
perl/5.8.3/html/lib/Devel
perl/5.8.3/html/lib/Digest
perl/5.8.3/html/lib/Encode
perl/5.8.3/html/lib/Encode/CN
perl/5.8.3/html/lib/Encode/JP
perl/5.8.3/html/lib/Encode/KR
perl/5.8.3/html/lib/Encode/MIME
perl/5.8.3/html/lib/Encode/Unicode
perl/5.8.3/html/lib/Exporter
perl/5.8.3/html/lib/ExtUtils
perl/5.8.3/html/lib/ExtUtils/Command
perl/5.8.3/html/lib/ExtUtils/Liblist
perl/5.8.3/html/lib/ExtUtils/MakeMaker
perl/5.8.3/html/lib/File
perl/5.8.3/html/lib/File/Spec
perl/5.8.3/html/lib/Filter
perl/5.8.3/html/lib/Filter/Util
perl/5.8.3/html/lib/Getopt
perl/5.8.3/html/lib/Hash
perl/5.8.3/html/lib/I18N
perl/5.8.3/html/lib/I18N/LangTags
perl/5.8.3/html/lib/IO
perl/5.8.3/html/lib/IO/Socket
perl/5.8.3/html/lib/IPC
perl/5.8.3/html/lib/List
perl/5.8.3/html/lib/Locale
perl/5.8.3/html/lib/Locale/Maketext
perl/5.8.3/html/lib/MIME
perl/5.8.3/html/lib/Math
perl/5.8.3/html/lib/Math/BigFloat
perl/5.8.3/html/lib/Math/BigInt
perl/5.8.3/html/lib/Memoize
perl/5.8.3/html/lib/Net
perl/5.8.3/html/lib/Net/FTP
perl/5.8.3/html/lib/PerlIO
perl/5.8.3/html/lib/PerlIO/via
perl/5.8.3/html/lib/Pod
perl/5.8.3/html/lib/Pod/Perldoc
perl/5.8.3/html/lib/Pod/Text
perl/5.8.3/html/lib/Pod/t
perl/5.8.3/html/lib/Scalar
perl/5.8.3/html/lib/Search
perl/5.8.3/html/lib/Sys
perl/5.8.3/html/lib/Term
perl/5.8.3/html/lib/Test
perl/5.8.3/html/lib/Test/Harness
perl/5.8.3/html/lib/Text
perl/5.8.3/html/lib/Thread
perl/5.8.3/html/lib/Tie
perl/5.8.3/html/lib/Time
perl/5.8.3/html/lib/Unicode
perl/5.8.3/html/lib/User
perl/5.8.3/html/lib/XS
perl/5.8.3/html/lib/threads
perl/5.8.3/html/lib/warnings
perl/5.8.3/html/pod
perl/5.8.3/lib
perl/5.8.3/lib/Attribute
perl/5.8.3/lib/Attribute/Handlers
perl/5.8.3/lib/Attribute/Handlers/demo
perl/5.8.3/lib/B
perl/5.8.3/lib/CGI
perl/5.8.3/lib/CGI/eg
perl/5.8.3/lib/CORE
perl/5.8.3/lib/CPAN
perl/5.8.3/lib/Carp
perl/5.8.3/lib/Class
perl/5.8.3/lib/Devel
perl/5.8.3/lib/Digest
perl/5.8.3/lib/Encode
perl/5.8.3/lib/Encode/CN
perl/5.8.3/lib/Encode/JP
perl/5.8.3/lib/Encode/KR
perl/5.8.3/lib/Encode/MIME
perl/5.8.3/lib/Encode/Unicode
perl/5.8.3/lib/Exporter
perl/5.8.3/lib/ExtUtils
perl/5.8.3/lib/ExtUtils/Command
perl/5.8.3/lib/ExtUtils/Liblist
perl/5.8.3/lib/ExtUtils/MakeMaker
perl/5.8.3/lib/File
perl/5.8.3/lib/File/Spec
perl/5.8.3/lib/Filter
perl/5.8.3/lib/Filter/Simple
perl/5.8.3/lib/Getopt
perl/5.8.3/lib/Getopt/Long
perl/5.8.3/lib/Hash
perl/5.8.3/lib/I18N
perl/5.8.3/lib/I18N/LangTags
perl/5.8.3/lib/IO/Socket
perl/5.8.3/lib/IPC
perl/5.8.3/lib/List
perl/5.8.3/lib/Locale
perl/5.8.3/lib/Locale/Codes
perl/5.8.3/lib/Locale/Maketext
perl/5.8.3/lib/MSWin32-x86-multi-thread
perl/5.8.3/lib/MSWin32-x86-multi-thread/B
perl/5.8.3/lib/MSWin32-x86-multi-thread/CORE
perl/5.8.3/lib/MSWin32-x86-multi-thread/CORE/arpa
perl/5.8.3/lib/MSWin32-x86-multi-thread/CORE/sys
perl/5.8.3/lib/MSWin32-x86-multi-thread/Data
perl/5.8.3/lib/MSWin32-x86-multi-thread/Devel
perl/5.8.3/lib/MSWin32-x86-multi-thread/Digest
perl/5.8.3/lib/MSWin32-x86-multi-thread/Encode
perl/5.8.3/lib/MSWin32-x86-multi-thread/File
perl/5.8.3/lib/MSWin32-x86-multi-thread/Filter/Util
perl/5.8.3/lib/MSWin32-x86-multi-thread/IO
perl/5.8.3/lib/MSWin32-x86-multi-thread/MIME
perl/5.8.3/lib/MSWin32-x86-multi-thread/PerlIO
perl/5.8.3/lib/MSWin32-x86-multi-thread/Sys
perl/5.8.3/lib/MSWin32-x86-multi-thread/Thread
perl/5.8.3/lib/MSWin32-x86-multi-thread/Time
perl/5.8.3/lib/MSWin32-x86-multi-thread/Unicode
perl/5.8.3/lib/MSWin32-x86-multi-thread/XS
perl/5.8.3/lib/MSWin32-x86-multi-thread/auto/B
perl/5.8.3/lib/MSWin32-x86-multi-thread/auto/B/C
perl/5.8.3/lib/MSWin32-x86-multi-thread/auto/ByteLoader
perl/5.8.3/lib/MSWin32-x86-multi-thread/auto/Cwd
perl/5.8.3/lib/MSWin32-x86-multi-thread/auto/Data/Dumper
perl/5.8.3/lib/MSWin32-x86-multi-thread/auto/Devel/DProf
perl/5.8.3/lib/MSWin32-x86-multi-thread/auto/Devel/PPPort
perl/5.8.3/lib/MSWin32-x86-multi-thread/auto/Devel/Peek
perl/5.8.3/lib/MSWin32-x86-multi-thread/auto/Digest/MD5
perl/5.8.3/lib/MSWin32-x86-multi-thread/auto/DynaLoader
perl/5.8.3/lib/MSWin32-x86-multi-thread/auto/Encode
perl/5.8.3/lib/MSWin32-x86-multi-thread/auto/Encode/Byte
perl/5.8.3/lib/MSWin32-x86-multi-thread/auto/Encode/CN
perl/5.8.3/lib/MSWin32-x86-multi-thread/auto/Encode/EBCDIC
perl/5.8.3/lib/MSWin32-x86-multi-thread/auto/Encode/JP
perl/5.8.3/lib/MSWin32-x86-multi-thread/auto/Encode/KR
perl/5.8.3/lib/MSWin32-x86-multi-thread/auto/Encode/Symbol
perl/5.8.3/lib/MSWin32-x86-multi-thread/auto/Encode/TW
perl/5.8.3/lib/MSWin32-x86-multi-thread/auto/Encode/Unicode
perl/5.8.3/lib/MSWin32-x86-multi-thread/auto/Fcntl
perl/5.8.3/lib/MSWin32-x86-multi-thread/auto/File/Glob
perl/5.8.3/lib/MSWin32-x86-multi-thread/auto/Filter/Util/Call
perl/5.8.3/lib/MSWin32-x86-multi-thread/auto/IO
perl/5.8.3/lib/MSWin32-x86-multi-thread/auto/List/Util
perl/5.8.3/lib/MSWin32-x86-multi-thread/auto/MIME/Base64
perl/5.8.3/lib/MSWin32-x86-multi-thread/auto/Net
perl/5.8.3/lib/MSWin32-x86-multi-thread/auto/Opcode
perl/5.8.3/lib/MSWin32-x86-multi-thread/auto/POSIX
perl/5.8.3/lib/MSWin32-x86-multi-thread/auto/PerlIO/encoding
perl/5.8.3/lib/MSWin32-x86-multi-thread/auto/PerlIO/scalar
perl/5.8.3/lib/MSWin32-x86-multi-thread/auto/PerlIO/via
perl/5.8.3/lib/MSWin32-x86-multi-thread/auto/SDBM_File
perl/5.8.3/lib/MSWin32-x86-multi-thread/auto/Socket
perl/5.8.3/lib/MSWin32-x86-multi-thread/auto/Storable
perl/5.8.3/lib/MSWin32-x86-multi-thread/auto/Sys/Hostname
perl/5.8.3/lib/MSWin32-x86-multi-thread/auto/Thread
perl/5.8.3/lib/MSWin32-x86-multi-thread/auto/Time/HiRes
perl/5.8.3/lib/MSWin32-x86-multi-thread/auto/Unicode/Normalize
perl/5.8.3/lib/MSWin32-x86-multi-thread/auto/Win32API/File
perl/5.8.3/lib/MSWin32-x86-multi-thread/auto/XS/APItest
perl/5.8.3/lib/MSWin32-x86-multi-thread/auto/XS/Typemap
perl/5.8.3/lib/MSWin32-x86-multi-thread/auto/attrs
perl/5.8.3/lib/MSWin32-x86-multi-thread/auto/re
perl/5.8.3/lib/MSWin32-x86-multi-thread/auto/sdbm
perl/5.8.3/lib/MSWin32-x86-multi-thread/auto/threads
perl/5.8.3/lib/MSWin32-x86-multi-thread/auto/threads/shared
perl/5.8.3/lib/MSWin32-x86-multi-thread/threads
perl/5.8.3/lib/Math
perl/5.8.3/lib/Math/BigFloat
perl/5.8.3/lib/Math/BigInt
perl/5.8.3/lib/Memoize
perl/5.8.3/lib/NEXT
perl/5.8.3/lib/Net
perl/5.8.3/lib/Net/FTP
perl/5.8.3/lib/Net/Ping
perl/5.8.3/lib/Net/demos
perl/5.8.3/lib/PerlIO/via
perl/5.8.3/lib/Pod
perl/5.8.3/lib/Pod/Perldoc
perl/5.8.3/lib/Pod/Text
perl/5.8.3/lib/Scalar
perl/5.8.3/lib/Search
perl/5.8.3/lib/Switch
perl/5.8.3/lib/Term
perl/5.8.3/lib/Term/ANSIColor
perl/5.8.3/lib/Test
perl/5.8.3/lib/Test/Harness
perl/5.8.3/lib/Test/Simple
perl/5.8.3/lib/Text
perl/5.8.3/lib/Text/Balanced
perl/5.8.3/lib/Text/TabsWrap
perl/5.8.3/lib/Thread
perl/5.8.3/lib/Tie
perl/5.8.3/lib/Time
perl/5.8.3/lib/Unicode
perl/5.8.3/lib/Unicode/Collate
perl/5.8.3/lib/User
perl/5.8.3/lib/auto/POSIX/SigAction
perl/5.8.3/lib/unicore
perl/5.8.3/lib/unicore/To
perl/5.8.3/lib/unicore/lib
perl/5.8.3/lib/warnings
perl/site/5.8.3/lib
perl/site/5.8.3/lib/Apache
perl/site/5.8.3/lib/Bundle
perl/site/5.8.3/lib/Devel
perl/site/5.8.3/lib/Devel/Symdump
perl/site/5.8.3/lib/Digest
perl/site/5.8.3/lib/File
perl/site/5.8.3/lib/HTML
perl/site/5.8.3/lib/HTTP
perl/site/5.8.3/lib/HTTP/Cookies
perl/site/5.8.3/lib/HTTP/Headers
perl/site/5.8.3/lib/HTTP/Request
perl/site/5.8.3/lib/LWP
perl/site/5.8.3/lib/LWP/Authen
perl/site/5.8.3/lib/LWP/Protocol
perl/site/5.8.3/lib/MSWin32-x86-multi-thread
perl/site/5.8.3/lib/MSWin32-x86-multi-thread/Bundle
perl/site/5.8.3/lib/MSWin32-x86-multi-thread/DBD
perl/site/5.8.3/lib/MSWin32-x86-multi-thread/DBD/Oracle
perl/site/5.8.3/lib/MSWin32-x86-multi-thread/DBI
perl/site/5.8.3/lib/MSWin32-x86-multi-thread/DBI/Const
perl/site/5.8.3/lib/MSWin32-x86-multi-thread/DBI/Const/GetInfo
perl/site/5.8.3/lib/MSWin32-x86-multi-thread/DBI/DBD
perl/site/5.8.3/lib/MSWin32-x86-multi-thread/DBI/ProfileDumper
perl/site/5.8.3/lib/MSWin32-x86-multi-thread/Digest
perl/site/5.8.3/lib/MSWin32-x86-multi-thread/HTML
perl/site/5.8.3/lib/MSWin32-x86-multi-thread/Win32
perl/site/5.8.3/lib/MSWin32-x86-multi-thread/Win32/OLE
perl/site/5.8.3/lib/MSWin32-x86-multi-thread/Win32API
perl/site/5.8.3/lib/MSWin32-x86-multi-thread/Win32API/File
perl/site/5.8.3/lib/MSWin32-x86-multi-thread/Win32API/Registry
perl/site/5.8.3/lib/MSWin32-x86-multi-thread/XML
perl/site/5.8.3/lib/MSWin32-x86-multi-thread/XML/Parser
perl/site/5.8.3/lib/MSWin32-x86-multi-thread/XML/Parser/Encodings
perl/site/5.8.3/lib/MSWin32-x86-multi-thread/XML/Parser/Style
perl/site/5.8.3/lib/MSWin32-x86-multi-thread/auto/Apache/DBI
perl/site/5.8.3/lib/MSWin32-x86-multi-thread/auto/DBD/Oracle
perl/site/5.8.3/lib/MSWin32-x86-multi-thread/auto/DBI
perl/site/5.8.3/lib/MSWin32-x86-multi-thread/auto/Devel/Symdump
perl/site/5.8.3/lib/MSWin32-x86-multi-thread/auto/Digest/HMAC
perl/site/5.8.3/lib/MSWin32-x86-multi-thread/auto/Digest/MD2
perl/site/5.8.3/lib/MSWin32-x86-multi-thread/auto/Digest/SHA1
perl/site/5.8.3/lib/MSWin32-x86-multi-thread/auto/HTML/Parser
perl/site/5.8.3/lib/MSWin32-x86-multi-thread/auto/HTML/Tagset
perl/site/5.8.3/lib/MSWin32-x86-multi-thread/auto/Mail/Sender
perl/site/5.8.3/lib/MSWin32-x86-multi-thread/auto/Net/Daemon
perl/site/5.8.3/lib/MSWin32-x86-multi-thread/auto/RPC/PlServer
perl/site/5.8.3/lib/MSWin32-x86-multi-thread/auto/URI
perl/site/5.8.3/lib/MSWin32-x86-multi-thread/auto/Win32
perl/site/5.8.3/lib/MSWin32-x86-multi-thread/auto/Win32/ChangeNotify
perl/site/5.8.3/lib/MSWin32-x86-multi-thread/auto/Win32/Clipboard
perl/site/5.8.3/lib/MSWin32-x86-multi-thread/auto/Win32/Console
perl/site/5.8.3/lib/MSWin32-x86-multi-thread/auto/Win32/Event
perl/site/5.8.3/lib/MSWin32-x86-multi-thread/auto/Win32/EventLog
perl/site/5.8.3/lib/MSWin32-x86-multi-thread/auto/Win32/File
perl/site/5.8.3/lib/MSWin32-x86-multi-thread/auto/Win32/FileSecurity
perl/site/5.8.3/lib/MSWin32-x86-multi-thread/auto/Win32/IPC
perl/site/5.8.3/lib/MSWin32-x86-multi-thread/auto/Win32/Internet
perl/site/5.8.3/lib/MSWin32-x86-multi-thread/auto/Win32/Job
perl/site/5.8.3/lib/MSWin32-x86-multi-thread/auto/Win32/Mutex
perl/site/5.8.3/lib/MSWin32-x86-multi-thread/auto/Win32/NetAdmin
perl/site/5.8.3/lib/MSWin32-x86-multi-thread/auto/Win32/NetResource
perl/site/5.8.3/lib/MSWin32-x86-multi-thread/auto/Win32/ODBC
perl/site/5.8.3/lib/MSWin32-x86-multi-thread/auto/Win32/OLE
perl/site/5.8.3/lib/MSWin32-x86-multi-thread/auto/Win32/PerfLib
perl/site/5.8.3/lib/MSWin32-x86-multi-thread/auto/Win32/Pipe
perl/site/5.8.3/lib/MSWin32-x86-multi-thread/auto/Win32/Process
perl/site/5.8.3/lib/MSWin32-x86-multi-thread/auto/Win32/Registry
perl/site/5.8.3/lib/MSWin32-x86-multi-thread/auto/Win32/Semaphore
perl/site/5.8.3/lib/MSWin32-x86-multi-thread/auto/Win32/Service
perl/site/5.8.3/lib/MSWin32-x86-multi-thread/auto/Win32/Shortcut
perl/site/5.8.3/lib/MSWin32-x86-multi-thread/auto/Win32/Sound
perl/site/5.8.3/lib/MSWin32-x86-multi-thread/auto/Win32/TieRegistry
perl/site/5.8.3/lib/MSWin32-x86-multi-thread/auto/Win32/WinError
perl/site/5.8.3/lib/MSWin32-x86-multi-thread/auto/Win32API/Net
perl/site/5.8.3/lib/MSWin32-x86-multi-thread/auto/Win32API/Registry
perl/site/5.8.3/lib/MSWin32-x86-multi-thread/auto/XML/Parser
perl/site/5.8.3/lib/MSWin32-x86-multi-thread/auto/XML/Parser/Expat
perl/site/5.8.3/lib/MSWin32-x86-multi-thread/auto/libwww-perl
perl/site/5.8.3/lib/MSWin32-x86-multi-thread\auto\Win32API\File
perl/site/5.8.3/lib/Mail
perl/site/5.8.3/lib/Mail/Sender/CType
perl/site/5.8.3/lib/Net
perl/site/5.8.3/lib/Net/Daemon
perl/site/5.8.3/lib/Net/HTTP
perl/site/5.8.3/lib/RPC
perl/site/5.8.3/lib/RPC/PlServer
perl/site/5.8.3/lib/URI
perl/site/5.8.3/lib/URI/file
perl/site/5.8.3/lib/URI/urn
perl/site/5.8.3/lib/WWW
perl/site/5.8.3/lib/WWW/RobotRules
perl/site/5.8.3/lib/Win32
plsql
plsql/bin
plsql/include
plsql/mesg
plsql/public
precomp/LIB
precomp/admin
precomp/doc/ott
precomp/doc/pro1x
precomp/doc/proc
precomp/doc/procob2
precomp/help/proc
precomp/lib
precomp/lib/msvc
precomp/mesg
precomp/public
racg/mesg
rdbms
rdbms/admin
rdbms/demo
rdbms/doc
rdbms/extproc
rdbms/install/sbs
rdbms/jlib
rdbms/lib
rdbms/mesg
rdbms/public
rdbms/xml/xsl
relnotes
relnotes/oo4o
relnotes/precomp
relnotes/readmes
slax/mesg
sqlj/lib
sqlplus/admin
sqlplus/admin/help
sqlplus/admin/iplus
sqlplus/admin/iplus/help/de
sqlplus/admin/iplus/help/en
sqlplus/admin/iplus/help/es
sqlplus/admin/iplus/help/fr
sqlplus/admin/iplus/help/it
sqlplus/admin/iplus/help/ja
sqlplus/admin/iplus/help/ko
sqlplus/admin/iplus/help/pt_BR
sqlplus/admin/iplus/help/zh_CN
sqlplus/admin/iplus/help/zh_TW
sqlplus/bin
sqlplus/doc
sqlplus/mesg
srvm/admin
srvm/doc
srvm/jlib
srvm/mesg
srvm/utl
sysman/admin
sysman/admin/default_collection
sysman/admin/discover
sysman/admin/discover/utl
sysman/admin/dtds
sysman/admin/emdrep/bin
sysman/admin/emdrep/lib
sysman/admin/emdrep/sql
sysman/admin/emdrep/sql/core
sysman/admin/emdrep/sql/core/latest
sysman/admin/emdrep/sql/core/latest/admin
sysman/admin/emdrep/sql/core/latest/availability
sysman/admin/emdrep/sql/core/latest/baselines
sysman/admin/emdrep/sql/core/latest/basic
sysman/admin/emdrep/sql/core/latest/beacon
sysman/admin/emdrep/sql/core/latest/blackout
sysman/admin/emdrep/sql/core/latest/chronos
sysman/admin/emdrep/sql/core/latest/client
sysman/admin/emdrep/sql/core/latest/collections
sysman/admin/emdrep/sql/core/latest/common
sysman/admin/emdrep/sql/core/latest/credentials
sysman/admin/emdrep/sql/core/latest/crypt
sysman/admin/emdrep/sql/core/latest/data_propagation
sysman/admin/emdrep/sql/core/latest/ecm
sysman/admin/emdrep/sql/core/latest/ecm/csa
sysman/admin/emdrep/sql/core/latest/ecm/inv
sysman/admin/emdrep/sql/core/latest/esm
sysman/admin/emdrep/sql/core/latest/failover
sysman/admin/emdrep/sql/core/latest/filer
sysman/admin/emdrep/sql/core/latest/group
sysman/admin/emdrep/sql/core/latest/host
sysman/admin/emdrep/sql/core/latest/jobTypes
sysman/admin/emdrep/sql/core/latest/jobTypes_sql
sysman/admin/emdrep/sql/core/latest/jobs
sysman/admin/emdrep/sql/core/latest/license
sysman/admin/emdrep/sql/core/latest/log
sysman/admin/emdrep/sql/core/latest/notification
sysman/admin/emdrep/sql/core/latest/ping
sysman/admin/emdrep/sql/core/latest/policy
sysman/admin/emdrep/sql/core/latest/portlets
sysman/admin/emdrep/sql/core/latest/preferences
sysman/admin/emdrep/sql/core/latest/purge
sysman/admin/emdrep/sql/core/latest/rep_consolidator
sysman/admin/emdrep/sql/core/latest/rep_metric
sysman/admin/emdrep/sql/core/latest/sdk
sysman/admin/emdrep/sql/core/latest/security
sysman/admin/emdrep/sql/core/latest/self_monitor
sysman/admin/emdrep/sql/core/latest/severity
sysman/admin/emdrep/sql/core/latest/target
sysman/admin/emdrep/sql/core/latest/user_model
sysman/admin/emdrep/sql/core/latest/util
sysman/admin/emdrep/sql/core/latest/website
sysman/admin/emdrep/sql/core/v10102
sysman/admin/emdrep/sql/core/v101040
sysman/admin/emdrep/sql/core/v401/upgrade
sysman/admin/emdrep/sql/core/v41/upgrade
sysman/admin/emdrep/sql/db
sysman/admin/emdrep/sql/db/latest
sysman/admin/emdrep/sql/db/latest/changemgr
sysman/admin/emdrep/sql/db/latest/cim
sysman/admin/emdrep/sql/db/latest/config
sysman/admin/emdrep/sql/db/latest/eml
sysman/admin/emdrep/sql/db/latest/esm
sysman/admin/emdrep/sql/db/latest/eval
sysman/admin/emdrep/sql/db/latest/hdm
sysman/admin/emdrep/sql/db/latest/job
sysman/admin/emdrep/sql/db/latest/jobTypes
sysman/admin/emdrep/sql/db/latest/jobTypes_sql
sysman/admin/emdrep/sql/db/latest/net
sysman/admin/emdrep/sql/db/latest/notification
sysman/admin/emdrep/sql/db/latest/ob
sysman/admin/emdrep/sql/db/latest/osm
sysman/admin/emdrep/sql/db/latest/policy
sysman/admin/emdrep/sql/db/latest/rac
sysman/admin/emdrep/sql/db/latest/rec
sysman/admin/emdrep/sql/db/latest/reports/overview
sysman/admin/emdrep/sql/db/latest/sec
sysman/admin/emdrep/sql/db/latest/stgAdv
sysman/admin/emdrep/sql/db/latest/storage
sysman/admin/emdrep/sql/db/latest/targetTypes_sql
sysman/admin/emdrep/sql/db/latest/usage
sysman/admin/emdrep/sql/db/v10102
sysman/admin/emdrep/sql/db/v101040
sysman/admin/emdrep/sql/db/v102010
sysman/admin/emdrep/sql/db/v401/upgrade
sysman/admin/emdrep/sql/ias
sysman/admin/emdrep/sql/ias/latest
sysman/admin/emdrep/sql/ias/latest/notification
sysman/admin/emdrep/sql/ias/latest/oid
sysman/admin/emdrep/sql/ias/v10102
sysman/admin/emdrep/sql/ias/v101040
sysman/admin/emdrep/sql/ias/v401/upgrade
sysman/admin/emdrep/sql/ocs
sysman/admin/emdrep/sql/ocs/latest
sysman/admin/emdrep/sql/ocs/latest/group
sysman/admin/emdrep/sql/ocs/v10102
sysman/admin/emdrep/sql/ocs/v101040
sysman/admin/emdrep/sql/ocs/v401/upgrade
sysman/admin/metadata
sysman/admin/scripts
sysman/admin/scripts/db
sysman/admin/scripts/db/config
sysman/admin/scripts/db/convert
sysman/admin/scripts/db/dataUtilities
sysman/admin/scripts/db/dbclone
sysman/admin/scripts/db/dg
sysman/admin/scripts/db/net
sysman/admin/scripts/db/ob
sysman/admin/scripts/db/remoteBrowser
sysman/admin/scripts/db/reorg
sysman/admin/scripts/db/rman
sysman/admin/scripts/emca
sysman/admin/scripts/jobs
sysman/admin/scripts/osm
sysman/admin/scripts/rac
sysman/admin/targets_help
sysman/config
sysman/config/monwallet
sysman/emd
sysman/emdrep/config
sysman/install
sysman/jlib
sysman/webapps/em/WEB-INF/config
uix/cabo/WEB-INF
uix/taglib
wwg/admin/help
wwg/admin/images
xdk
xdk/admin
xdk/doc
xdk/doc/cpp/classgen
xdk/doc/images
xdk/doc/java/transx
xdk/doc/java/xsql
xdk/doc/java/xsql/images
xdk/include
xdk/mesg
